// Jest Snapshot v1, https://goo.gl/fbAQLP

exports[`CreatePollComp should match snapshot 1`] = `
<el-dialog
  title="polls.create"
>
  <div
    class="create-event-form"
  >
    <el-form
      class="create-event"
      label-position="top"
    >
      <div
        class="create-event-input"
      >
        <el-form-item
          label="Title"
        >
          <el-input
            placeholder="Enter title here"
          />
        </el-form-item>
         
        <el-form-item
          label="Poll Options"
        >
          <div
            class="polloption-add"
          >
            <el-input
              class="polloption-name"
              placeholder="Enter option here"
            />
             
            <el-button
              type="primary"
            >
              Add option
            </el-button>
          </div>
        </el-form-item>
         
        <div
          class="option-list"
        />
         
        <el-form-item
          label="Visible for members"
        >
          <el-switch
            active-color="#ff4949"
            active-text="No"
            inactive-color="#13ce66"
            inactive-text="Yes"
          />
        </el-form-item>
         
        <el-button
          class="create-poll-btn"
          type="primary"
        >
          Create poll
        </el-button>
      </div>
    </el-form>
  </div>
</el-dialog>
`;
