// Jest Snapshot v1, https://goo.gl/fbAQLP

exports[`CreateGroupComp should match snapshot 1`] = `
<el-dialog
  class="create-group-dialog"
  title="Create group"
>
  <div
    class="create-group-form"
  >
    <el-form
      class="create-group-name"
      label-position="top"
    >
      <!---->
       
      <div
        class="create-group-left"
      >
        <el-form-item
          label="Name"
        >
          <el-input
            class="create-group-input"
          />
        </el-form-item>
         
        <el-form-item
          label="Description"
        >
          <el-input
            autosize="[object Object]"
            class="create-group-input"
            type="textarea"
          />
        </el-form-item>
      </div>
    </el-form>
  </div>
   
  <span
    class="dialog-footer"
    slot="footer"
  >
    <el-button>
      Cancel
    </el-button>
     
    <el-button
      class="create-group-btn"
      type="primary"
    >
      Create group
    </el-button>
  </span>
</el-dialog>
`;
