// Jest Snapshot v1, https://goo.gl/fbAQLP

exports[`EditPasswordComp should match snapshot 1`] = `
<el-dialog
  class="edit-password-dialog"
  title="Edit password"
>
  <div
    class="edit-password-form"
  >
    <el-form
      class="edit-password"
      label-position="top"
    >
      <el-form-item
        label="old password"
      >
        <div
          class="edit-password-group"
        >
          <el-input
            class="edit-password-input"
            type="password"
          />
           
          <el-button
            class="edit-password-btn"
            type="info"
          >
            <div
              class="edit-password-img"
            >
              <img
                alt="monkey"
                class="edit-password-monkey1"
                src="https://cdn.thinglink.me/api/image/1010252198820446210/1240/10/scaletowidth"
              />
            </div>
          </el-button>
        </div>
      </el-form-item>
       
      <el-form-item
        label="new password"
      >
        <div
          class="edit-password-group"
        >
          <el-input
            class="edit-password-input"
            type="password"
          />
           
          <el-button
            class="edit-password-btn"
            type="info"
          >
            <div
              class="edit-password-img"
            >
              <img
                alt="monkey"
                class="edit-password-monkey1"
                src="https://cdn.thinglink.me/api/image/1010252198820446210/1240/10/scaletowidth"
              />
            </div>
          </el-button>
        </div>
      </el-form-item>
       
      <el-form-item
        label="new password again"
      >
        <div
          class="edit-password-group"
        >
          <el-input
            class="edit-password-input"
            type="password"
          />
           
          <el-button
            class="edit-password-btn"
            type="info"
          >
            <div
              class="edit-password-img"
            >
              <img
                alt="monkey"
                class="edit-password-monkey1"
                src="https://cdn.thinglink.me/api/image/1010252198820446210/1240/10/scaletowidth"
              />
            </div>
          </el-button>
        </div>
         
        <!---->
      </el-form-item>
    </el-form>
  </div>
   
  <span
    class="dialog-footer"
    slot="footer"
  >
    <el-button>
      Cancel
    </el-button>
     
    <el-button
      class="update-password-btn"
      type="primary"
    >
      Save
    </el-button>
  </span>
</el-dialog>
`;
